// Jest Snapshot v1, https://goo.gl/fbAQLP

exports[`Pruebas con el componente <AddCategory /> debe de mostrarse correctamente  1`] = `
<form
  className="col-full-12"
  onSubmit={[Function]}
>
  <label
    for="category"
  >
    Agregar categoria  
  </label>
  <input
    id="category"
    name="category"
    onChange={[Function]}
    type="text"
    value=""
  />
</form>
`;
